[www.switchmarkets.com/index.html]
[backblue.gif]
[fade.gif]
[index.html]
[d1egza9ueiv2hi.cloudfront.net/vendor/splide/splide.min.css]
[d1egza9ueiv2hi.cloudfront.net/load/icons/12672/styles.css]
[www.switchmarkets.com/img/favicons/favicon-57x57.png]
[www.switchmarkets.com/img/favicons/favicon-114x114.png]
[www.switchmarkets.com/img/favicons/favicon-72x72.png]
[www.switchmarkets.com/img/favicons/favicon-144x144.png]
[www.switchmarkets.com/img/favicons/favicon-60x60.png]
[www.switchmarkets.com/img/favicons/favicon-120x120.png]
[www.switchmarkets.com/img/favicons/favicon-76x76.png]
[www.switchmarkets.com/img/favicons/favicon-152x152.png]
[www.switchmarkets.com/img/favicons/favicon-196x196.png]
[www.switchmarkets.com/img/favicons/favicon-96x96.png]
[www.switchmarkets.com/img/favicons/favicon-32x32.png]
[www.switchmarkets.com/img/favicons/favicon-16x16.png]
[www.switchmarkets.com/img/favicons/favicon-128x128.png]
[www.switchmarkets.com/img/favicons/favicon.ico]
[www.switchmarkets.com/signup.html]
[www.switchmarkets.com/demo.html]
[www.switchmarkets.com/trading-conditions.html]
[www.switchmarkets.com/cost-of-trading.html]
[www.switchmarkets.com/trading-conditions/spreads.html]
[www.switchmarkets.com/trading-conditions/swap-rates.html]
[www.switchmarkets.com/trading-conditions/trading-hours.html]
[www.switchmarkets.com/deposits.html]
[www.switchmarkets.com/withdrawals.html]
[www.switchmarkets.com/account-comparison.html]
[www.switchmarkets.com/islamic-trading-account.html]
[www.switchmarkets.com/demo-trading-account.html]
[www.switchmarkets.com/markets.html]
[www.switchmarkets.com/markets/forex.html]
[www.switchmarkets.com/markets/commodities.html]
[www.switchmarkets.com/markets/indices.html]
[www.switchmarkets.com/markets/digital-currencies.html]
[www.switchmarkets.com/markets/shares.html]
[www.switchmarkets.com/trading-platforms/download-mt4.html]
[www.switchmarkets.com/social-trading.html]
[www.switchmarkets.com/tools.html]
[www.switchmarkets.com/tools/lot-size-calculator.html]
[www.switchmarkets.com/tools/economic-calendar.html]
[www.switchmarkets.com/tools/live-currency-strength-meter.html]
[www.switchmarkets.com/tools/forex-profit-calculator.html]
[www.switchmarkets.com/tools/market-heat-map.html]
[www.switchmarkets.com/tools/pip-calculator.html]
[www.switchmarkets.com/tools/forex-swap-calculator.html]
[www.switchmarkets.com/tools/forex-margin-calculator.html]
[www.switchmarkets.com/tools/free-resources.html]
[www.switchmarkets.com/expert-advisor-ea-tools.html]
[www.switchmarkets.com/tools/cagr-calculator.html]
[www.switchmarkets.com/tools/forex-compound-calculator.html]
[www.switchmarkets.com/tools/value-at-risk-calculator.html]
[www.switchmarkets.com/tools/pivot-point-calculator.html]
[www.switchmarkets.com/free-vps.html]
[www.switchmarkets.com/credit-bonus.html]
[www.switchmarkets.com/risk-management-tool.html]
[www.switchmarkets.com/free-howtotrade-membership.html]
[www.switchmarkets.com/about-us.html]
[www.switchmarkets.com/why-us.html]
[www.switchmarkets.com/contact.html]
[www.switchmarkets.com/introducing-broker-program.html]
[d1egza9ueiv2hi.cloudfront.net/img/homepage/hero-bg-blur.jpg]
[d1egza9ueiv2hi.cloudfront.net/img/logos/mastercard-simple.png]
[d1egza9ueiv2hi.cloudfront.net/img/logos/visa-simple.png]
[d1egza9ueiv2hi.cloudfront.net/img/icons/ewallets/nganluong.png]
[d1egza9ueiv2hi.cloudfront.net/img/icons/ewallets/globepay.png]
[d1egza9ueiv2hi.cloudfront.net/img/icons/ewallets/perfect-money.png]
[d1egza9ueiv2hi.cloudfront.net/img/icons/ewallets/paytrust.png]
[d1egza9ueiv2hi.cloudfront.net/img/icons/ewallets/union-pay.png]
[d1egza9ueiv2hi.cloudfront.net/img/icons/ewallets/skrill.png]
[d1egza9ueiv2hi.cloudfront.net/img/icons/ewallets/fasapay.png]
[d1egza9ueiv2hi.cloudfront.net/img/icons/ewallets/neteller.png]
[d1egza9ueiv2hi.cloudfront.net/img/homepage/mt4-balloon.png]
[d1egza9ueiv2hi.cloudfront.net/img/homepage/equinix-balloon.png]
[d1egza9ueiv2hi.cloudfront.net/img/circuits.png]
[d1egza9ueiv2hi.cloudfront.net/img/homepage/broker-bg.jpg]
[d1egza9ueiv2hi.cloudfront.net/img/chat.jpg]
[blog.switchmarkets.com/wp-content/uploads/2022/02/become-an-introducing-broker.jpg]
[blog.switchmarkets.com/wp-content/uploads/2022/02/bitcoin-safe-haven-asset.jpg]
[blog.switchmarkets.com/wp-content/uploads/2022/02/top-economic-events-2022.jpg]
[www.switchmarkets.com/cookie-policy.html]
[www.switchmarkets.com/terms-conditions.html]
[www.switchmarkets.com/privacy-policy.html]
[www.switchmarkets.com/product-disclosure-statement.html]
[www.switchmarkets.com/financial-services-guide.html]
[www.switchmarkets.com/credit-bonus-terms.html]
[d1egza9ueiv2hi.cloudfront.net/load/css/12672/home.css]
[d1egza9ueiv2hi.cloudfront.net/vendor/splide/splide.min.js]
[d1egza9ueiv2hi.cloudfront.net/load/js/12672/global.min.js]
[cdn.jsdelivr.net/npm/socket.io-client@2/dist/socket.io.js]
[www.switchmarkets.com/index.html]
[d1egza9ueiv2hi.cloudfront.net/vendor/splide/splide.min.css]
[wchat.eu.freshchat.com/js/widget.js]
[d1egza9ueiv2hi.cloudfront.net/load/icons/12672/fonts/switch-markets.eot]
[d1egza9ueiv2hi.cloudfront.net/load/icons/12672/fonts/switch-marketsd41d.eot]
[d1egza9ueiv2hi.cloudfront.net/load/icons/12672/fonts/switch-markets.woff]
[d1egza9ueiv2hi.cloudfront.net/load/icons/12672/fonts/switch-markets.ttf]
[d1egza9ueiv2hi.cloudfront.net/load/icons/12672/fonts/switch-markets.svg]
[d1egza9ueiv2hi.cloudfront.net/load/icons/12672/styles.css]
[www.googletagmanager.com/gtm5445.html]
[d1egza9ueiv2hi.cloudfront.net/load/css/12672/account-forms.css]
[www.switchmarkets.com/img/meta/general_sm.jpg]
[d1egza9ueiv2hi.cloudfront.net/img/devices-platform-white.png]
[www.google.com/recaptcha/apibc86.js]
[www.switchmarkets.com/signup.html]
[www.switchmarkets.com/demo.html]
[d1egza9ueiv2hi.cloudfront.net/load/css/12672/trading-conditions.css]
[www.switchmarkets.com/app/application/process/index.html]
[www.switchmarkets.com/img/meta/trading_conditions.jpg]
[d1egza9ueiv2hi.cloudfront.net/img/hero-images/trader-on-laptop@2x.png]
[www.switchmarkets.com/trading-conditions.html]
[d1egza9ueiv2hi.cloudfront.net/load/css/12672/cost-of-trading.css]
[d1egza9ueiv2hi.cloudfront.net/load/js/12672/cost-of-trading-table.min.js]
[www.switchmarkets.com/cost-of-trading.html]
[d1egza9ueiv2hi.cloudfront.net/img/trading-terminals.png]
[www.switchmarkets.com/trading-conditions/spreads.html]
[www.switchmarkets.com/trading-conditions/swap-rates.html]
[www.switchmarkets.com/trading-conditions/trading-hours.html]
[d1egza9ueiv2hi.cloudfront.net/img/hero-images/laptop-notes-1300@2x.png]
[d1egza9ueiv2hi.cloudfront.net/img/withdrawals/security-bg-img.png]
[d1egza9ueiv2hi.cloudfront.net/load/css/12672/deposits.css]
[www.switchmarkets.com/deposits.html]
[d1egza9ueiv2hi.cloudfront.net/load/css/12672/withdrawals.css]
[www.switchmarkets.com/img/meta/withdrawals.jpg]
[www.switchmarkets.com/withdrawals.html]
[d1egza9ueiv2hi.cloudfront.net/load/css/12672/account-comparison.css]
[www.switchmarkets.com/account-comparison.html]
[d1egza9ueiv2hi.cloudfront.net/load/css/12672/islamic-trading-account.css]
[www.switchmarkets.com/img/meta/islamic_account.jpg]
[d1egza9ueiv2hi.cloudfront.net/img/islamic-account/islamic-men-hero_991w.jpg]
[d1egza9ueiv2hi.cloudfront.net/img/islamic-account/islamic-business-mens.jpg]
[www.switchmarkets.com/islamic-trading-account.html]
[d1egza9ueiv2hi.cloudfront.net/load/js/12672/islamic-cost-of-trading-table.min.js]
[d1egza9ueiv2hi.cloudfront.net/img/bonus-hero-1292@2x.jpg]
[d1egza9ueiv2hi.cloudfront.net/img/demo-trading-account/newbie-trader.jpg]
[d1egza9ueiv2hi.cloudfront.net/img/demo-trading-account/strategiest-trader.jpg]
[d1egza9ueiv2hi.cloudfront.net/img/demo-trading-account/experienced-trader.jpg]
[d1egza9ueiv2hi.cloudfront.net/img/currency-markets-mobile.png]
[www.switchmarkets.com/downloads/mt4-ea/currency-strength-heatmap-ea.zip]
[www.switchmarkets.com/downloads/mt4-ea/price-range-ea.zip]
[d1egza9ueiv2hi.cloudfront.net/img/forex-graph.png]
[d1egza9ueiv2hi.cloudfront.net/load/css/12672/demo-trading-account.css]
[www.switchmarkets.com/demo-trading-account.html]
[d1egza9ueiv2hi.cloudfront.net/load/css/12672/markets.css]
[www.switchmarkets.com/img/meta/markets.jpg]
[www.switchmarkets.com/markets.html]
[www.switchmarkets.com/img/icons/01.svg]
[www.switchmarkets.com/img/icons/02.svg]
[www.switchmarkets.com/img/icons/03.svg]
[www.switchmarkets.com/img/icons/line.svg]
[www.switchmarkets.com/markets/forex.html]
[www.switchmarkets.com/markets/commodities.html]
[www.switchmarkets.com/markets/indices.html]
[www.switchmarkets.com/markets/digital-currencies.html]
[www.switchmarkets.com/markets/shares.html]
[d1egza9ueiv2hi.cloudfront.net/load/css/12672/download-mt4.css]
[www.switchmarkets.com/trading-platforms/download-mt4.html]
[d1egza9ueiv2hi.cloudfront.net/load/css/12672/social-trading.css]
[www.switchmarkets.com/img/meta/social-trading.jpg]
[d1egza9ueiv2hi.cloudfront.net/img/hero-images/traders-walking.png]
[d1egza9ueiv2hi.cloudfront.net/img/social-trading/social-trading-img.png]
[d1egza9ueiv2hi.cloudfront.net/img/social-trading/mql5-hand.png]
[d1egza9ueiv2hi.cloudfront.net/load/js/12672/quiz.min.js]
[www.switchmarkets.com/social-trading.html]
[d1egza9ueiv2hi.cloudfront.net/load/css/12672/tools.css]
[www.switchmarkets.com/img/meta/tools.jpg]
[www.switchmarkets.com/tools.html]
[d1egza9ueiv2hi.cloudfront.net/load/css/12672/lot-size-calculator.css]
[www.switchmarkets.com/img/meta/lot_size_calculator.jpg]
[d1egza9ueiv2hi.cloudfront.net/img/risk-manager/glossary-img.png]
[www.switchmarkets.com/tools/lot-size-calculator.html]
[d1egza9ueiv2hi.cloudfront.net/load/css/12672/economic-calendar.css]
[www.switchmarkets.com/js/helper.js]
[www.switchmarkets.com/js/html.templates.js]
[www.switchmarkets.com/js/EconomicCalendar.js]
[d1egza9ueiv2hi.cloudfront.net/js/ClientSocket.js]
[www.switchmarkets.com/tools/economic-calendar.html]
[d1egza9ueiv2hi.cloudfront.net/load/css/12672/currency-heat-map.css]
[www.switchmarkets.com/img/flags/iso3/eur.png]
[www.switchmarkets.com/img/flags/iso3/usa.png]
[www.switchmarkets.com/img/flags/iso3/aus.png]
[www.switchmarkets.com/img/flags/iso3/gbr.png]
[www.switchmarkets.com/img/flags/iso3/nzl.png]
[www.switchmarkets.com/img/flags/iso3/can.png]
[www.switchmarkets.com/img/flags/iso3/che.png]
[www.switchmarkets.com/img/flags/iso3/jpn.png]
[www.switchmarkets.com/img/flags/iso3/sgp.png]
[www.switchmarkets.com/img/flags/iso3/nor.png]
[www.switchmarkets.com/img/flags/iso3/swe.png]
[www.switchmarkets.com/img/flags/iso3/hkg.png]
[www.switchmarkets.com/img/flags/iso3/zaf.png]
[www.switchmarkets.com/img/flags/iso3/mex.png]
[www.switchmarkets.com/img/flags/iso3/pol.png]
[www.switchmarkets.com/img/icons/percentage.svg]
[www.switchmarkets.com/img/icons/pip.svg]
[d1egza9ueiv2hi.cloudfront.net/js/heatMapTemplate.js]
[www.switchmarkets.com/tools/live-currency-strength-meter.html]
[d1egza9ueiv2hi.cloudfront.net/load/css/12672/forex-profit-calculator.css]
[www.switchmarkets.com/img/meta/profit_calculator.jpg]
[www.switchmarkets.com/vendor/nice-select2.js]
[d1egza9ueiv2hi.cloudfront.net/load/js/12672/forex-profit-calculator.min.js]
[d1egza9ueiv2hi.cloudfront.net/img/forex-profit-calculator/hero-bg@2x.jpg]
[d1egza9ueiv2hi.cloudfront.net/img/forex-profit-calculator/topleft.png]
[d1egza9ueiv2hi.cloudfront.net/img/forex-profit-calculator/center.png]
[d1egza9ueiv2hi.cloudfront.net/img/forex-profit-calculator/center-right.png]
[d1egza9ueiv2hi.cloudfront.net/img/forex-profit-calculator/bottom-right.png]
[www.switchmarkets.com/tools/forex-profit-calculator.html]
[d1egza9ueiv2hi.cloudfront.net/load/css/12672/market-heat-map.css]
[www.switchmarkets.com/img/meta/SM_heatmap_meta.jpg]
[d1egza9ueiv2hi.cloudfront.net/js/node_client107a.js]
[unpkg.com/treemap-squarify@1.0.1/lib/bundle.min.js]
[www.switchmarkets.com/js/strength-calculator107a.js]
[www.switchmarkets.com/js/square-block107a.js]
[www.switchmarkets.com/tools/market-heat-map.html]
[d1egza9ueiv2hi.cloudfront.net/load/css/12672/pip-calculator.css]
[www.switchmarkets.com/img/meta/pip-calc-metas.jpg]
[www.switchmarkets.com/img/pip-calculator/pip-formula.png]
[www.switchmarkets.com/img/pip-calculator/how-does-svg.svg]
[www.switchmarkets.com/img/pip-calculator/pip-formula2.png]
[www.switchmarkets.com/js/pip-calculator.js]
[www.switchmarkets.com/tools/pip-calculator.html]
[d1egza9ueiv2hi.cloudfront.net/load/css/12672/swap-calculator.css]
[www.switchmarkets.com/img/meta/swap-calculator-meta.jpg]
[d1egza9ueiv2hi.cloudfront.net/img/swap-calculator/what-is-swap.png]
[d1egza9ueiv2hi.cloudfront.net/img/swap-calculator/swap-steps.png]
[d1egza9ueiv2hi.cloudfront.net/img/swap-calculator/swap-formula.png]
[d1egza9ueiv2hi.cloudfront.net/js/swap-calculator.min.js]
[www.switchmarkets.com/tools/forex-swap-calculator.html]
[d1egza9ueiv2hi.cloudfront.net/load/css/12672/forex-margin-calculator.css]
[www.switchmarkets.com/img/meta/margin-calculator.jpg]
[d1egza9ueiv2hi.cloudfront.net/img/forex-margin-calculator/what-is-margin.png]
[d1egza9ueiv2hi.cloudfront.net/js/margin-calculator.min.js]
[www.switchmarkets.com/tools/forex-margin-calculator.html]
[www.switchmarkets.com/img/trustpilot-logo.svg]
[d1egza9ueiv2hi.cloudfront.net/img/free-resources/spot-atr.jpg]
[d1egza9ueiv2hi.cloudfront.net/img/free-resources/spot-fibonacci.jpg]
[d1egza9ueiv2hi.cloudfront.net/img/free-resources/spot-candlestick.jpg]
[d1egza9ueiv2hi.cloudfront.net/img/free-resources/hero.jpg]
[d1egza9ueiv2hi.cloudfront.net/img/free-resources/file-candlestick-guide.jpg]
[d1egza9ueiv2hi.cloudfront.net/img/free-resources/file-atr.jpg]
[d1egza9ueiv2hi.cloudfront.net/img/free-resources/file-stochastic.jpg]
[d1egza9ueiv2hi.cloudfront.net/img/free-resources/file-moving-averages.jpg]
[d1egza9ueiv2hi.cloudfront.net/img/free-resources/file-risk-on-risk-off.png]
[d1egza9ueiv2hi.cloudfront.net/img/free-resources/file-fibonacci.jpg]
[d1egza9ueiv2hi.cloudfront.net/img/free-resources/file-4-types.jpg]
[d1egza9ueiv2hi.cloudfront.net/img/free-resources/file-mt4-shortcuts.jpg]
[www.switchmarkets.com/app/tools/free-resources-validator/index.html]
[d1egza9ueiv2hi.cloudfront.net/img/free-resources/how-can-help.jpg]
[d1egza9ueiv2hi.cloudfront.net/load/css/12672/free-resources.css]
[www.switchmarkets.com/tools/free-resources.html]
[d1egza9ueiv2hi.cloudfront.net/load/css/12672/expert-advisor-ea-tools.css]
[www.switchmarkets.com/img/meta/toolsforalltraders.jpg]
[www.switchmarkets.com/downloads/mt4-ea/support-resistance-ea.zip]
[www.switchmarkets.com/downloads/mt4-ea/risk-manager-ea.zip]
[www.switchmarkets.com/expert-advisor-ea-tools.html]
[d1egza9ueiv2hi.cloudfront.net/load/css/12672/cagr-calculator.css]
[www.switchmarkets.com/img/meta/cagr-calculator.jpg]
[d1egza9ueiv2hi.cloudfront.net/vendor/chartjs-v3.5.1/chart.min.js]
[d1egza9ueiv2hi.cloudfront.net/load/js/12672/cagr-calculator.min.js]
[www.switchmarkets.com/tools/cagr-calculator.html]
[d1egza9ueiv2hi.cloudfront.net/load/css/12672/forex-compound-calculator.css]
[www.switchmarkets.com/img/meta/forex-compound-calculator.jpg]
[d1egza9ueiv2hi.cloudfront.net/load/js/12672/compound-calculator.js]
[www.switchmarkets.com/tools/forex-compound-calculator.html]
[d1egza9ueiv2hi.cloudfront.net/load/css/12672/value-at-risk-calculator.css]
[www.switchmarkets.com/img/meta/var-calc-meta.jpg]
[www.switchmarkets.com/img/var-calculator/what-is-var.png]
[www.switchmarkets.com/img/var-calculator/download-mobile.png]
[www.switchmarkets.com/img/var-calculator/download-ea.png]
[d1egza9ueiv2hi.cloudfront.net/js/var-calculator.js]
[www.switchmarkets.com/tools/value-at-risk-calculator.html]
[d1egza9ueiv2hi.cloudfront.net/load/css/12672/pivot-point-calculator.css]
[www.switchmarkets.com/img/meta/pivot-point-meta.jpg]
[d1egza9ueiv2hi.cloudfront.net/img/pivot-point-calculator/what-is-pp.png]
[d1egza9ueiv2hi.cloudfront.net/js/pivot-point-calculator.min.js]
[www.switchmarkets.com/tools/pivot-point-calculator.html]
[d1egza9ueiv2hi.cloudfront.net/load/css/12672/free-vps.css]
[d1egza9ueiv2hi.cloudfront.net/img/logos/forex-vps-logo.png]
[d1egza9ueiv2hi.cloudfront.net/img/logos/equinix-logo.png]
[d1egza9ueiv2hi.cloudfront.net/img/logos/forex-vps-logo-black.png]
[d1egza9ueiv2hi.cloudfront.net/img/free-vps/trustpilot-customers-review.png]
[www.switchmarkets.com/js/social-proof.min107a.js]
[www.switchmarkets.com/free-vps.html]
[d1egza9ueiv2hi.cloudfront.net/img/credit-bonus/bonus-hero-540w.jpg]
[d1egza9ueiv2hi.cloudfront.net/load/css/12672/credit-bonus.css]
[www.switchmarkets.com/credit-bonus.html]
[d1egza9ueiv2hi.cloudfront.net/load/css/12672/risk-management.css]
[www.switchmarkets.com/img/meta/risk_management_tool.jpg]
[d1egza9ueiv2hi.cloudfront.net/img/risk-management-bg.jpg]
[d1egza9ueiv2hi.cloudfront.net/img/risk-manager/risk-manager-ea.png]
[www.switchmarkets.com/risk-management-tool.html]
[d1egza9ueiv2hi.cloudfront.net/img/icons/emoji-moneybag.png]
[d1egza9ueiv2hi.cloudfront.net/img/icons/emoji-smile.png]
[d1egza9ueiv2hi.cloudfront.net/img/icons/emoji-hugging-face.png]
[d1egza9ueiv2hi.cloudfront.net/img/icons/emoji-grin.png]
[d1egza9ueiv2hi.cloudfront.net/img/free-howtotrade-membership/mobile-learning.png]
[d1egza9ueiv2hi.cloudfront.net/img/free-howtotrade-membership/new-trader.png]
[d1egza9ueiv2hi.cloudfront.net/img/free-howtotrade-membership/how-to-trade.png]
[d1egza9ueiv2hi.cloudfront.net/img/free-howtotrade-membership/experienced-trader.png]
[d1egza9ueiv2hi.cloudfront.net/img/free-howtotrade-membership/demo-trade.png]
[d1egza9ueiv2hi.cloudfront.net/img/free-howtotrade-membership/arrow-bg.png]
[d1egza9ueiv2hi.cloudfront.net/load/css/12672/free-howtotrade-membership.css]
[www.switchmarkets.com/free-howtotrade-membership.html]
[d1egza9ueiv2hi.cloudfront.net/load/css/12672/about-us.css]
[d1egza9ueiv2hi.cloudfront.net/img/about-us/mission-statement.png]
[d1egza9ueiv2hi.cloudfront.net/img/about-us/work-together.png]
[d1egza9ueiv2hi.cloudfront.net/img/logos/htt-logo-dark.png]
[www.switchmarkets.com/about-us.html]
[d1egza9ueiv2hi.cloudfront.net/load/css/12672/why-us.css]
[www.switchmarkets.com/img/meta/why-us.jpg]
[d1egza9ueiv2hi.cloudfront.net/img/whysm-hero-1292@2x.png]
[www.switchmarkets.com/img/icons/icon-safer.svg]
[d1egza9ueiv2hi.cloudfront.net/img/why-us/free-tools.png]
[www.switchmarkets.com/why-us.html]
[d1egza9ueiv2hi.cloudfront.net/load/css/12672/contact.css]
[www.switchmarkets.com/contact.html]
[d1egza9ueiv2hi.cloudfront.net/load/css/12672/introducing-broker-program.css]
[www.switchmarkets.com/img/meta/introbroker.jpg]
[www.switchmarkets.com/app/contact/process/index.html]
[d1egza9ueiv2hi.cloudfront.net/img/introducing-brokers/marketing-materials.png]
[d1egza9ueiv2hi.cloudfront.net/img/introducing-brokers/landing-pages.png]
[www.switchmarkets.com/introducing-broker-program.html]
[d1egza9ueiv2hi.cloudfront.net/load/css/12672/internal-text-pages.css]
[www.switchmarkets.com/cookie-policy.html]
[www.switchmarkets.com/app/contact/partners/index.html]
[d1egza9ueiv2hi.cloudfront.net/load/js/12672/scroll-tabs.min.js]
[www.switchmarkets.com/terms-conditions.html]
[www.switchmarkets.com/privacy-policy.html]
[www.switchmarkets.com/img/royals-diagram.png]
[d1egza9ueiv2hi.cloudfront.net/img/margin-call-payments.png]
[d1egza9ueiv2hi.cloudfront.net/img/free-margin.png]
[d1egza9ueiv2hi.cloudfront.net/img/adjustments.png]
[d1egza9ueiv2hi.cloudfront.net/img/movement-account-transaction.png]
[d1egza9ueiv2hi.cloudfront.net/img/movements_account_period_transaction.png]
[d1egza9ueiv2hi.cloudfront.net/img/Movements-on-your Account-for-the-Period-of-this-Transaction.png]
[d1egza9ueiv2hi.cloudfront.net/img/margin-ten-thousand.png]
[d1egza9ueiv2hi.cloudfront.net/img/movements-account-period-transaction.png]
[d1egza9ueiv2hi.cloudfront.net/img/overall_result.png]
[d1egza9ueiv2hi.cloudfront.net/img/calculating-overall-result.png]
[www.switchmarkets.com/product-disclosure-statement.html]
[d1egza9ueiv2hi.cloudfront.net/img/FSG-administration-Fees.png]
[www.switchmarkets.com/financial-services-guide.html]
[www.switchmarkets.com/credit-bonus-terms.html]
[d1egza9ueiv2hi.cloudfront.net/load/css/12672/home.css]
[d1egza9ueiv2hi.cloudfront.net/load/icons/12672/fonts/switch-markets.svg]
[d1egza9ueiv2hi.cloudfront.net/load/css/12672/account-forms.css]
[www.switchmarkets.com/app/application/process/index.html]
[d1egza9ueiv2hi.cloudfront.net/load/css/12672/trading-conditions.css]
[d1egza9ueiv2hi.cloudfront.net/load/css/12672/cost-of-trading.css]
[d1egza9ueiv2hi.cloudfront.net/load/css/12672/deposits.css]
[d1egza9ueiv2hi.cloudfront.net/load/css/12672/withdrawals.css]
[d1egza9ueiv2hi.cloudfront.net/load/css/12672/account-comparison.css]
[d1egza9ueiv2hi.cloudfront.net/img/map.png]
[d1egza9ueiv2hi.cloudfront.net/load/css/12672/islamic-trading-account.css]
[d1egza9ueiv2hi.cloudfront.net/img/bonus-hero-1292@2x.html]
[d1egza9ueiv2hi.cloudfront.net/load/css/12672/demo-trading-account.css]
[d1egza9ueiv2hi.cloudfront.net/load/css/12672/markets.css]
[www.switchmarkets.com/img/icons/01.svg]
[www.switchmarkets.com/img/icons/02.svg]
[www.switchmarkets.com/img/icons/03.svg]
[www.switchmarkets.com/img/icons/line.svg]
[d1egza9ueiv2hi.cloudfront.net/load/css/12672/download-mt4.css]
[d1egza9ueiv2hi.cloudfront.net/load/css/12672/social-trading.css]
[www.switchmarkets.com/img/meta/social-trading.html]
[d1egza9ueiv2hi.cloudfront.net/load/css/12672/tools.css]
[d1egza9ueiv2hi.cloudfront.net/load/css/12672/lot-size-calculator.css]
[d1egza9ueiv2hi.cloudfront.net/img/economic-calendar/hero-bg.png]
[d1egza9ueiv2hi.cloudfront.net/load/css/12672/economic-calendar.css]
[d1egza9ueiv2hi.cloudfront.net/load/css/12672/currency-heat-map.css]
[www.switchmarkets.com/img/icons/percentage.svg]
[www.switchmarkets.com/img/icons/pip.svg]
[d1egza9ueiv2hi.cloudfront.net/img/forex-profit-calculator/bg-wave.png]
[d1egza9ueiv2hi.cloudfront.net/img/forex-profit-calculator/bg-wave@2x.png]
[d1egza9ueiv2hi.cloudfront.net/load/css/12672/forex-profit-calculator.css]
[d1egza9ueiv2hi.cloudfront.net/load/css/12672/market-heat-map.css]
[d1egza9ueiv2hi.cloudfront.net/js/node_client107a.html]
[d1egza9ueiv2hi.cloudfront.net/load/css/12672/pip-calculator.css]
[www.switchmarkets.com/img/meta/pip-calc-metas.html]
[www.switchmarkets.com/img/pip-calculator/how-does-svg.svg]
[d1egza9ueiv2hi.cloudfront.net/load/css/12672/swap-calculator.css]
[d1egza9ueiv2hi.cloudfront.net/load/css/12672/forex-margin-calculator.css]
[www.switchmarkets.com/img/trustpilot-logo.svg]
[d1egza9ueiv2hi.cloudfront.net/load/css/12672/free-resources.css]
[d1egza9ueiv2hi.cloudfront.net/load/css/12672/expert-advisor-ea-tools.css]
[d1egza9ueiv2hi.cloudfront.net/load/css/12672/cagr-calculator.css]
[d1egza9ueiv2hi.cloudfront.net/load/css/12672/forex-compound-calculator.css]
[www.switchmarkets.com/img/meta/forex-compound-calculator.html]
[d1egza9ueiv2hi.cloudfront.net/load/css/12672/value-at-risk-calculator.css]
[d1egza9ueiv2hi.cloudfront.net/load/css/12672/pivot-point-calculator.css]
[d1egza9ueiv2hi.cloudfront.net/img/ffc/highfive-emoji.gif]
[d1egza9ueiv2hi.cloudfront.net/load/css/12672/free-vps.css]
[d1egza9ueiv2hi.cloudfront.net/load/css/12672/credit-bonus.css]
[d1egza9ueiv2hi.cloudfront.net/load/css/12672/risk-management.css]
[d1egza9ueiv2hi.cloudfront.net/load/css/12672/free-howtotrade-membership.css]
[d1egza9ueiv2hi.cloudfront.net/load/css/12672/about-us.css]
[d1egza9ueiv2hi.cloudfront.net/load/css/12672/why-us.css]
[www.switchmarkets.com/img/icons/icon-safer.svg]
[d1egza9ueiv2hi.cloudfront.net/load/css/12672/contact.css]
[www.switchmarkets.com/app/contact/process/index.html]
[d1egza9ueiv2hi.cloudfront.net/load/css/12672/introducing-broker-program.css]
[www.switchmarkets.com/app/contact/partners/index.html]
[d1egza9ueiv2hi.cloudfront.net/load/css/12672/internal-text-pages.css]
